2026-02-13 19:32:07,238 CUDNN:
  BENCHMARK: False
  DETERMINISTIC: False
  ENABLED: False
DATASET:
  CLASS_WEIGHTS: [0.5, 2.5]
  NUM_CLASSES: 2
  ROOT: 
  TRAIN: ['MyData']
  VALID: ['MyData']
GPUS: (0,)
LOG_DIR: log
LOSS:
  LOSSES: [['LOC', 1.0, 'dice_entropy']]
  SMOOTH: 0
  USE_OHEM: False
MODEL:
  EXTRA:
    BACKBONE: mit_b2
    BN_EPS: 0.001
    BN_MOMENTUM: 0.1
    DECODER: MLPDecoder
    DECODER_EMBED_DIM: 512
    DETECTION: None
    FIX_MODULES: ['NP++']
    MODULES: ['NP++', 'backbone', 'loc_head']
    NP_WEIGHTS: pretrained_models/noiseprint++/noiseprint++.th
    PREPRC: imagenet
  MODS: ('RGB', 'NP++')
  NAME: detconfcmx
  PRETRAINED: pretrained_models/segformers/mit_b2.pth
OUTPUT_DIR: weights
TEST:
  MODEL_FILE: weights/trufor.pth.tar
TRAIN:
  AUG: lib/config/aug_res_comp.yaml
  BATCH_SIZE_PER_GPU: 4
  BEGIN_EPOCH: 0
  END_EPOCH: 100
  EXTRA_EPOCH: 0
  IGNORE_LABEL: -1
  IMAGE_SIZE: [512, 512]
  LR: 0.005
  MOMENTUM: 0.9
  NESTEROV: False
  NUM_SAMPLES: -1
  OPTIMIZER: sgd
  PRETRAINING: None
  RESUME: True
  SHUFFLE: True
  STOP_EPOCH: -1
  WD: 0.0005
VALID:
  AUG: lib/config/aug_res_comp.yaml
  BEST_KEY: avg_p-F1_smooth
  FIRST_VALID: False
  IMAGE_SIZE: None
  MAX_SIZE: 512
WORKERS: 24
2026-02-13 19:32:07,239 

2026-02-13 19:32:07,262 Train augmentation: lib/config/aug_res_comp.yaml Compose([
  RandomScale(p=0.5, area_for_downscale=None, interpolation=1, mask_interpolation=0, scale_limit=(-0.5, 0.5)),
  ImageCompression(p=0.5, compression_type='jpeg', quality_range=(99, 100)),
], p=1.0, bbox_params=None, keypoint_params=None, additional_targets={}, is_check_shapes=True)
2026-02-13 19:32:07,262 Validation augmentation: lib/config/aug_res_comp.yaml Compose([
  RandomScale(p=0.5, area_for_downscale=None, interpolation=1, mask_interpolation=0, scale_limit=(-0.5, 0.5)),
  ImageCompression(p=0.5, compression_type='jpeg', quality_range=(99, 100)),
], p=1.0, bbox_params=None, keypoint_params=None, additional_targets={}, is_check_shapes=True)
2026-02-13 19:32:07,275 Using backbone: Segformer-B2
2026-02-13 19:32:11,033 Using MLP Decoder
2026-02-13 19:32:11,089 Noiseprint++ weights: pretrained_models/noiseprint++/noiseprint++.th
2026-02-13 19:32:11,091 Loading backbone model: pretrained_models/segformers/mit_b2.pth
2026-02-13 19:32:11,402 Load model, Time usage:
	IO: 0.28720951080322266, initialize parameters: 0.023185014724731445
2026-02-13 19:32:11,404 Initing heads weights ...
2026-02-13 19:32:11,795 best valid key: avg_p-F1_smooth
2026-02-13 19:32:11,796 No previous checkpoint.
2026-02-13 20:03:30,141 Epoch: [0/100], Time: 1.87, lr: 0.004955, Loss: 0.599584
2026-02-13 20:03:31,413 => saving checkpoint to weights/mydata_ph2/checkpoint.pth.tar
2026-02-13 20:08:02,295 best.pth.tar updated.
2026-02-13 20:08:02,295 (Valid) Loss: 0.560, Best_avg_p-F1_smooth:  0.7557
2026-02-13 20:08:02,296 [0.99381203 0.45748573]
2026-02-13 20:08:02,297 confusion_matrix:
2026-02-13 20:08:02,298 [[2.23125255e+08 1.38997000e+05]
 [1.25029200e+06 1.17154500e+06]]
2026-02-13 20:39:11,354 Epoch: [1/100], Time: 1.86, lr: 0.004910, Loss: 0.539537
2026-02-13 20:39:12,600 => saving checkpoint to weights/mydata_ph2/checkpoint.pth.tar
2026-02-13 20:42:57,628 (Valid) Loss: 0.519, Best_avg_p-F1_smooth:  0.7557
2026-02-13 20:42:57,628 [0.99435319 0.56256809]
2026-02-13 20:42:57,628 confusion_matrix:
2026-02-13 20:42:57,628 [[2.22793712e+08 4.70540000e+05]
 [7.94678000e+05 1.62715900e+06]]
2026-02-13 21:14:07,748 Epoch: [2/100], Time: 1.86, lr: 0.004865, Loss: 0.512703
2026-02-13 21:14:08,990 => saving checkpoint to weights/mydata_ph2/checkpoint.pth.tar
2026-02-13 21:17:50,236 (Valid) Loss: 0.584, Best_avg_p-F1_smooth:  0.7557
2026-02-13 21:17:50,236 [0.96219768 0.2076767 ]
2026-02-13 21:17:50,236 confusion_matrix:
2026-02-13 21:17:50,237 [[2.15024084e+08 8.24016800e+06]
 [2.07587000e+05 2.21425000e+06]]
2026-02-13 21:49:03,435 Epoch: [3/100], Time: 1.86, lr: 0.004820, Loss: 0.506775
2026-02-13 21:49:04,678 => saving checkpoint to weights/mydata_ph2/checkpoint.pth.tar
2026-02-13 21:52:55,152 (Valid) Loss: 0.507, Best_avg_p-F1_smooth:  0.7557
2026-02-13 21:52:55,152 [0.98844742 0.45744488]
2026-02-13 21:52:55,153 confusion_matrix:
2026-02-13 21:52:55,153 [[2.20926932e+08 2.33732000e+06]
 [2.44785000e+05 2.17705200e+06]]
2026-02-13 22:24:08,510 Epoch: [4/100], Time: 1.86, lr: 0.004774, Loss: 0.502472
2026-02-13 22:24:09,764 => saving checkpoint to weights/mydata_ph2/checkpoint.pth.tar
2026-02-13 22:27:50,706 (Valid) Loss: 0.485, Best_avg_p-F1_smooth:  0.7557
2026-02-13 22:27:50,707 [0.99638539 0.72872004]
2026-02-13 22:27:50,707 confusion_matrix:
2026-02-13 22:27:50,707 [[2.227079e+08 5.563520e+05]
 [2.515710e+05 2.170266e+06]]
2026-02-13 22:59:05,534 Epoch: [5/100], Time: 1.86, lr: 0.004729, Loss: 0.517672
2026-02-13 22:59:06,814 => saving checkpoint to weights/mydata_ph2/checkpoint.pth.tar
2026-02-13 23:02:47,601 (Valid) Loss: 0.485, Best_avg_p-F1_smooth:  0.7557
2026-02-13 23:02:47,601 [0.99622718 0.71483446]
2026-02-13 23:02:47,601 confusion_matrix:
2026-02-13 23:02:47,602 [[2.22728172e+08 5.36080000e+05]
 [3.07416000e+05 2.11442100e+06]]
2026-02-13 23:34:00,268 Epoch: [6/100], Time: 1.86, lr: 0.004684, Loss: 0.499873
2026-02-13 23:34:01,515 => saving checkpoint to weights/mydata_ph2/checkpoint.pth.tar
2026-02-13 23:37:44,709 (Valid) Loss: 0.478, Best_avg_p-F1_smooth:  0.7557
2026-02-13 23:37:44,709 [0.99614135 0.72178659]
2026-02-13 23:37:44,710 confusion_matrix:
2026-02-13 23:37:44,710 [[2.22586986e+08 6.77266000e+05]
 [1.84946000e+05 2.23689100e+06]]
2026-02-14 00:08:57,981 Epoch: [7/100], Time: 1.86, lr: 0.004639, Loss: 0.506171
2026-02-14 00:08:59,225 => saving checkpoint to weights/mydata_ph2/checkpoint.pth.tar
2026-02-14 00:12:46,210 (Valid) Loss: 0.500, Best_avg_p-F1_smooth:  0.7557
2026-02-14 00:12:46,210 [0.98429237 0.39282259]
2026-02-14 00:12:46,210 confusion_matrix:
2026-02-14 00:12:46,210 [[2.19906345e+08 3.35790700e+06]
 [1.51423000e+05 2.27041400e+06]]
2026-02-14 00:43:59,917 Epoch: [8/100], Time: 1.86, lr: 0.004593, Loss: 0.507945
2026-02-14 00:44:01,156 => saving checkpoint to weights/mydata_ph2/checkpoint.pth.tar
2026-02-14 00:47:39,636 (Valid) Loss: 0.485, Best_avg_p-F1_smooth:  0.7557
2026-02-14 00:47:39,636 [0.99556748 0.69564715]
2026-02-14 00:47:39,637 confusion_matrix:
2026-02-14 00:47:39,637 [[2.22432221e+08 8.32031000e+05]
 [1.58293000e+05 2.26354400e+06]]
2026-02-14 01:18:51,909 Epoch: [9/100], Time: 1.86, lr: 0.004548, Loss: 0.500591
2026-02-14 01:18:53,156 => saving checkpoint to weights/mydata_ph2/checkpoint.pth.tar
2026-02-14 01:22:37,044 (Valid) Loss: 0.480, Best_avg_p-F1_smooth:  0.7557
2026-02-14 01:22:37,044 [0.99329536 0.60606913]
2026-02-14 01:22:37,044 confusion_matrix:
2026-02-14 01:22:37,044 [[2.21884163e+08 1.38008900e+06]
 [1.17607000e+05 2.30423000e+06]]
2026-02-14 01:53:49,385 Epoch: [10/100], Time: 1.86, lr: 0.004502, Loss: 0.495877
2026-02-14 01:53:50,805 => saving checkpoint to weights/mydata_ph2/checkpoint.pth.tar
2026-02-14 01:57:29,504 (Valid) Loss: 0.486, Best_avg_p-F1_smooth:  0.7557
2026-02-14 01:57:29,504 [0.99205025 0.5634767 ]
2026-02-14 01:57:29,505 confusion_matrix:
2026-02-14 01:57:29,505 [[2.21617754e+08 1.64649800e+06]
 [1.29425000e+05 2.29241200e+06]]
2026-02-14 02:28:43,398 Epoch: [11/100], Time: 1.86, lr: 0.004457, Loss: 0.501063
2026-02-14 02:28:44,744 => saving checkpoint to weights/mydata_ph2/checkpoint.pth.tar
2026-02-14 02:32:27,427 (Valid) Loss: 0.484, Best_avg_p-F1_smooth:  0.7557
2026-02-14 02:32:27,427 [0.98904742 0.48516602]
2026-02-14 02:32:27,428 confusion_matrix:
2026-02-14 02:32:27,428 [[2.20933891e+08 2.33036100e+06]
 [1.16232000e+05 2.30560500e+06]]
2026-02-14 03:03:37,152 Epoch: [12/100], Time: 1.86, lr: 0.004411, Loss: 0.485177
2026-02-14 03:03:38,399 => saving checkpoint to weights/mydata_ph2/checkpoint.pth.tar
2026-02-14 03:07:19,746 (Valid) Loss: 0.476, Best_avg_p-F1_smooth:  0.7557
2026-02-14 03:07:19,746 [0.99700368 0.76629221]
2026-02-14 03:07:19,747 confusion_matrix:
2026-02-14 03:07:19,747 [[2.22820763e+08 4.43489000e+05]
 [2.26160000e+05 2.19567700e+06]]
2026-02-14 03:38:31,506 Epoch: [13/100], Time: 1.86, lr: 0.004365, Loss: 0.498208
2026-02-14 03:38:32,753 => saving checkpoint to weights/mydata_ph2/checkpoint.pth.tar
2026-02-14 03:42:08,954 (Valid) Loss: 0.479, Best_avg_p-F1_smooth:  0.7557
2026-02-14 03:42:08,955 [0.99342507 0.60313561]
2026-02-14 03:42:08,955 confusion_matrix:
2026-02-14 03:42:08,955 [[2.21984094e+08 1.28015800e+06]
 [1.89032000e+05 2.23280500e+06]]
2026-02-14 04:13:20,645 Epoch: [14/100], Time: 1.86, lr: 0.004320, Loss: 0.491954
2026-02-14 04:13:22,026 => saving checkpoint to weights/mydata_ph2/checkpoint.pth.tar
2026-02-14 04:17:02,229 (Valid) Loss: 0.495, Best_avg_p-F1_smooth:  0.7557
2026-02-14 04:17:02,229 [0.97293576 0.27763337]
2026-02-14 04:17:02,230 confusion_matrix:
2026-02-14 04:17:02,230 [[2.17317567e+08 5.94668500e+06]
 [9.84560000e+04 2.32338100e+06]]
2026-02-14 04:48:14,784 Epoch: [15/100], Time: 1.86, lr: 0.004274, Loss: 0.485487
2026-02-14 04:48:16,032 => saving checkpoint to weights/mydata_ph2/checkpoint.pth.tar
2026-02-14 04:52:05,566 (Valid) Loss: 0.472, Best_avg_p-F1_smooth:  0.7557
2026-02-14 04:52:05,566 [0.99790481 0.8271714 ]
2026-02-14 04:52:05,567 confusion_matrix:
2026-02-14 04:52:05,567 [[2.22977278e+08 2.86974000e+05]
 [1.81186000e+05 2.24065100e+06]]
2026-02-14 05:23:20,259 Epoch: [16/100], Time: 1.86, lr: 0.004228, Loss: 0.497227
2026-02-14 05:23:21,505 => saving checkpoint to weights/mydata_ph2/checkpoint.pth.tar
2026-02-14 05:27:09,116 (Valid) Loss: 0.473, Best_avg_p-F1_smooth:  0.7557
2026-02-14 05:27:09,116 [0.99779674 0.8187356 ]
2026-02-14 05:27:09,116 confusion_matrix:
2026-02-14 05:27:09,116 [[2.22969913e+08 2.94339000e+05]
 [1.98007000e+05 2.22383000e+06]]
2026-02-14 05:58:20,022 Epoch: [17/100], Time: 1.86, lr: 0.004182, Loss: 0.496748
2026-02-14 05:58:21,278 => saving checkpoint to weights/mydata_ph2/checkpoint.pth.tar
2026-02-14 06:02:01,684 (Valid) Loss: 0.500, Best_avg_p-F1_smooth:  0.7557
2026-02-14 06:02:01,684 [0.9775862  0.30756617]
2026-02-14 06:02:01,685 confusion_matrix:
2026-02-14 06:02:01,686 [[2.18452735e+08 4.81151700e+06]
 [1.97102000e+05 2.22473500e+06]]
2026-02-14 06:33:13,157 Epoch: [18/100], Time: 1.86, lr: 0.004136, Loss: 0.494661
2026-02-14 06:33:14,400 => saving checkpoint to weights/mydata_ph2/checkpoint.pth.tar
2026-02-14 06:37:04,394 (Valid) Loss: 0.473, Best_avg_p-F1_smooth:  0.7557
2026-02-14 06:37:04,395 [0.99699797 0.76852904]
2026-02-14 06:37:04,395 confusion_matrix:
2026-02-14 06:37:04,395 [[2.22787976e+08 4.76276000e+05]
 [1.94553000e+05 2.22728400e+06]]
2026-02-14 07:08:14,730 Epoch: [19/100], Time: 1.86, lr: 0.004090, Loss: 0.494365
2026-02-14 07:08:16,126 => saving checkpoint to weights/mydata_ph2/checkpoint.pth.tar
2026-02-14 07:11:51,388 (Valid) Loss: 0.494, Best_avg_p-F1_smooth:  0.7557
2026-02-14 07:11:51,389 [0.99364996 0.60184586]
2026-02-14 07:11:51,389 confusion_matrix:
2026-02-14 07:11:51,389 [[2.22120912e+08 1.14334000e+06]
 [2.76150000e+05 2.14568700e+06]]
2026-02-14 07:43:03,227 Epoch: [20/100], Time: 1.86, lr: 0.004044, Loss: 0.490796
2026-02-14 07:43:04,473 => saving checkpoint to weights/mydata_ph2/checkpoint.pth.tar
2026-02-14 07:46:42,038 (Valid) Loss: 0.472, Best_avg_p-F1_smooth:  0.7557
2026-02-14 07:46:42,038 [0.99371791 0.62206015]
2026-02-14 07:46:42,038 confusion_matrix:
2026-02-14 07:46:42,039 [[2.21973141e+08 1.29111100e+06]
 [1.12160000e+05 2.30967700e+06]]
2026-02-14 08:17:52,404 Epoch: [21/100], Time: 1.86, lr: 0.003998, Loss: 0.490289
2026-02-14 08:17:53,647 => saving checkpoint to weights/mydata_ph2/checkpoint.pth.tar
2026-02-14 08:21:39,986 (Valid) Loss: 0.480, Best_avg_p-F1_smooth:  0.7557
2026-02-14 08:21:39,986 [0.99528386 0.67862504]
2026-02-14 08:21:39,987 confusion_matrix:
2026-02-14 08:21:39,987 [[2.22406826e+08 8.57426000e+05]
 [1.96447000e+05 2.22539000e+06]]
2026-02-14 08:52:50,751 Epoch: [22/100], Time: 1.86, lr: 0.003952, Loss: 0.497519
2026-02-14 08:52:51,998 => saving checkpoint to weights/mydata_ph2/checkpoint.pth.tar
2026-02-14 08:56:37,588 (Valid) Loss: 0.482, Best_avg_p-F1_smooth:  0.7557
2026-02-14 08:56:37,588 [0.99647225 0.73566598]
2026-02-14 08:56:37,589 confusion_matrix:
2026-02-14 08:56:37,589 [[2.22703412e+08 5.60840000e+05]
 [2.27583000e+05 2.19425400e+06]]
2026-02-14 09:27:50,613 Epoch: [23/100], Time: 1.86, lr: 0.003906, Loss: 0.499813
2026-02-14 09:27:51,967 => saving checkpoint to weights/mydata_ph2/checkpoint.pth.tar
2026-02-14 09:31:36,757 (Valid) Loss: 0.482, Best_avg_p-F1_smooth:  0.7557
2026-02-14 09:31:36,757 [0.99547826 0.68728478]
2026-02-14 09:31:36,758 confusion_matrix:
2026-02-14 09:31:36,758 [[2.22454868e+08 8.09384000e+05]
 [2.01068000e+05 2.22076900e+06]]
2026-02-14 10:02:49,716 Epoch: [24/100], Time: 1.86, lr: 0.003859, Loss: 0.491250
2026-02-14 10:02:50,961 => saving checkpoint to weights/mydata_ph2/checkpoint.pth.tar
2026-02-14 10:06:34,676 (Valid) Loss: 0.491, Best_avg_p-F1_smooth:  0.7557
2026-02-14 10:06:34,676 [0.98920244 0.47553736]
2026-02-14 10:06:34,677 confusion_matrix:
2026-02-14 10:06:34,677 [[2.21084745e+08 2.17950700e+06]
 [2.33726000e+05 2.18811100e+06]]
2026-02-14 10:37:47,211 Epoch: [25/100], Time: 1.86, lr: 0.003813, Loss: 0.491955
2026-02-14 10:37:48,595 => saving checkpoint to weights/mydata_ph2/checkpoint.pth.tar
2026-02-14 10:41:29,290 (Valid) Loss: 0.482, Best_avg_p-F1_smooth:  0.7557
2026-02-14 10:41:29,290 [0.9931691  0.59719251]
2026-02-14 10:41:29,290 confusion_matrix:
2026-02-14 10:41:29,290 [[2.21897227e+08 1.36702500e+06]
 [1.59157000e+05 2.26268000e+06]]
2026-02-14 11:12:45,446 Epoch: [26/100], Time: 1.86, lr: 0.003767, Loss: 0.505229
2026-02-14 11:12:46,732 => saving checkpoint to weights/mydata_ph2/checkpoint.pth.tar
2026-02-14 11:16:23,922 (Valid) Loss: 0.533, Best_avg_p-F1_smooth:  0.7557
2026-02-14 11:16:23,922 [0.97025809 0.25792309]
2026-02-14 11:16:23,923 confusion_matrix:
2026-02-14 11:16:23,923 [[2.167333e+08 6.530952e+06]
 [1.127060e+05 2.309131e+06]]
2026-02-14 11:47:41,582 Epoch: [27/100], Time: 1.86, lr: 0.003720, Loss: 0.490651
2026-02-14 11:47:42,844 => saving checkpoint to weights/mydata_ph2/checkpoint.pth.tar
2026-02-14 11:51:32,640 (Valid) Loss: 0.476, Best_avg_p-F1_smooth:  0.7557
2026-02-14 11:51:32,640 [0.9954314  0.68845482]
2026-02-14 11:51:32,640 confusion_matrix:
2026-02-14 11:51:32,641 [[2.2240963e+08 8.5462200e+05]
 [1.6614300e+05 2.2556940e+06]]
2026-02-14 12:22:59,651 Epoch: [28/100], Time: 1.87, lr: 0.003674, Loss: 0.498142
2026-02-14 12:23:01,053 => saving checkpoint to weights/mydata_ph2/checkpoint.pth.tar
2026-02-14 12:26:44,818 (Valid) Loss: 0.473, Best_avg_p-F1_smooth:  0.7557
2026-02-14 12:26:44,818 [0.99764758 0.80869433]
2026-02-14 12:26:44,819 confusion_matrix:
2026-02-14 12:26:44,820 [[2.2293823e+08 3.2602200e+05]
 [1.9965900e+05 2.2221780e+06]]
2026-02-14 12:58:11,431 Epoch: [29/100], Time: 1.87, lr: 0.003627, Loss: 0.492771
2026-02-14 12:58:12,671 => saving checkpoint to weights/mydata_ph2/checkpoint.pth.tar
2026-02-14 13:02:02,808 (Valid) Loss: 0.485, Best_avg_p-F1_smooth:  0.7557
2026-02-14 13:02:02,809 [0.9885134  0.46866489]
2026-02-14 13:02:02,809 confusion_matrix:
2026-02-14 13:02:02,809 [[2.2085606e+08 2.4081920e+06]
 [1.5817200e+05 2.2636650e+06]]
2026-02-14 13:33:30,109 Epoch: [30/100], Time: 1.87, lr: 0.003580, Loss: 0.494540
2026-02-14 13:33:31,367 => saving checkpoint to weights/mydata_ph2/checkpoint.pth.tar
2026-02-14 13:37:24,956 (Valid) Loss: 0.478, Best_avg_p-F1_smooth:  0.7557
2026-02-14 13:37:24,957 [0.99469117 0.65281937]
2026-02-14 13:37:24,960 confusion_matrix:
2026-02-14 13:37:24,961 [[2.22269176e+08 9.95076000e+05]
 [1.91210000e+05 2.23062700e+06]]
2026-02-14 14:08:54,623 Epoch: [31/100], Time: 1.88, lr: 0.003534, Loss: 0.493203
2026-02-14 14:08:55,910 => saving checkpoint to weights/mydata_ph2/checkpoint.pth.tar
2026-02-14 14:12:40,073 (Valid) Loss: 0.478, Best_avg_p-F1_smooth:  0.7557
2026-02-14 14:12:40,074 [0.99269718 0.58280411]
2026-02-14 14:12:40,075 confusion_matrix:
2026-02-14 14:12:40,076 [[2.21775456e+08 1.48879600e+06]
 [1.42704000e+05 2.27913300e+06]]
2026-02-14 14:43:58,141 Epoch: [32/100], Time: 1.86, lr: 0.003487, Loss: 0.496789
2026-02-14 14:43:59,384 => saving checkpoint to weights/mydata_ph2/checkpoint.pth.tar
2026-02-14 14:47:43,962 (Valid) Loss: 0.476, Best_avg_p-F1_smooth:  0.7557
2026-02-14 14:47:43,963 [0.99585982 0.70622402]
2026-02-14 14:47:43,963 confusion_matrix:
2026-02-14 14:47:43,963 [[2.22536839e+08 7.27413000e+05]
 [1.97761000e+05 2.22407600e+06]]
2026-02-14 15:19:07,390 Epoch: [33/100], Time: 1.87, lr: 0.003440, Loss: 0.499586
2026-02-14 15:19:08,642 => saving checkpoint to weights/mydata_ph2/checkpoint.pth.tar
2026-02-14 15:22:56,612 (Valid) Loss: 0.489, Best_avg_p-F1_smooth:  0.7557
2026-02-14 15:22:56,612 [0.98763822 0.45018234]
2026-02-14 15:22:56,612 confusion_matrix:
2026-02-14 15:22:56,612 [[2.2066274e+08 2.6015120e+06]
 [1.6041400e+05 2.2614230e+06]]
2026-02-14 15:54:14,831 Epoch: [34/100], Time: 1.87, lr: 0.003393, Loss: 0.501385
2026-02-14 15:54:16,089 => saving checkpoint to weights/mydata_ph2/checkpoint.pth.tar
2026-02-14 15:57:54,411 (Valid) Loss: 0.476, Best_avg_p-F1_smooth:  0.7557
2026-02-14 15:57:54,412 [0.99229283 0.57538281]
2026-02-14 15:57:54,412 confusion_matrix:
2026-02-14 15:57:54,412 [[2.21632028e+08 1.63222400e+06]
 [8.92000000e+04 2.33263700e+06]]
2026-02-14 16:29:11,069 Epoch: [35/100], Time: 1.86, lr: 0.003346, Loss: 0.495435
2026-02-14 16:29:12,316 => saving checkpoint to weights/mydata_ph2/checkpoint.pth.tar
2026-02-14 16:32:56,883 (Valid) Loss: 0.517, Best_avg_p-F1_smooth:  0.7557
2026-02-14 16:32:56,883 [0.9880945  0.44290722]
2026-02-14 16:32:56,884 confusion_matrix:
2026-02-14 16:32:56,884 [[2.20908226e+08 2.35602600e+06]
 [3.05687000e+05 2.11615000e+06]]
2026-02-14 17:04:24,485 Epoch: [36/100], Time: 1.87, lr: 0.003299, Loss: 0.502560
2026-02-14 17:04:25,838 => saving checkpoint to weights/mydata_ph2/checkpoint.pth.tar
2026-02-14 17:08:10,027 (Valid) Loss: 0.481, Best_avg_p-F1_smooth:  0.7557
2026-02-14 17:08:10,027 [0.98884042 0.46709362]
2026-02-14 17:08:10,028 confusion_matrix:
2026-02-14 17:08:10,028 [[2.21005781e+08 2.25847100e+06]
 [2.35695000e+05 2.18614200e+06]]
2026-02-14 17:39:29,433 Epoch: [37/100], Time: 1.87, lr: 0.003252, Loss: 0.509654
2026-02-14 17:39:30,679 => saving checkpoint to weights/mydata_ph2/checkpoint.pth.tar
2026-02-14 17:43:11,598 (Valid) Loss: 0.484, Best_avg_p-F1_smooth:  0.7557
2026-02-14 17:43:11,599 [0.99164028 0.54989892]
2026-02-14 17:43:11,599 confusion_matrix:
2026-02-14 17:43:11,599 [[2.21536801e+08 1.72745100e+06]
 [1.40148000e+05 2.28168900e+06]]
2026-02-14 18:14:25,742 Epoch: [38/100], Time: 1.86, lr: 0.003205, Loss: 0.506653
2026-02-14 18:14:26,985 => saving checkpoint to weights/mydata_ph2/checkpoint.pth.tar
2026-02-14 18:18:12,184 (Valid) Loss: 0.477, Best_avg_p-F1_smooth:  0.7557
2026-02-14 18:18:12,185 [0.99479154 0.66522496]
2026-02-14 18:18:12,185 confusion_matrix:
2026-02-14 18:18:12,185 [[2.22210812e+08 1.05344000e+06]
 [1.09996000e+05 2.31184100e+06]]
2026-02-14 18:49:24,296 Epoch: [39/100], Time: 1.86, lr: 0.003157, Loss: 0.501296
2026-02-14 18:49:25,557 => saving checkpoint to weights/mydata_ph2/checkpoint.pth.tar
2026-02-14 18:53:11,246 (Valid) Loss: 0.480, Best_avg_p-F1_smooth:  0.7557
2026-02-14 18:53:11,246 [0.99028951 0.51254284]
2026-02-14 18:53:11,247 confusion_matrix:
2026-02-14 18:53:11,247 [[2.21235702e+08 2.02855000e+06]
 [1.40823000e+05 2.28101400e+06]]
2026-02-14 19:24:24,078 Epoch: [40/100], Time: 1.86, lr: 0.003110, Loss: 0.488534
2026-02-14 19:24:25,319 => saving checkpoint to weights/mydata_ph2/checkpoint.pth.tar
2026-02-14 19:27:58,948 (Valid) Loss: 0.476, Best_avg_p-F1_smooth:  0.7557
2026-02-14 19:27:58,948 [0.99499392 0.66781686]
2026-02-14 19:27:58,949 confusion_matrix:
2026-02-14 19:27:58,949 [[2.22318835e+08 9.45417000e+05]
 [1.73128000e+05 2.24870900e+06]]
2026-02-14 19:59:11,488 Epoch: [41/100], Time: 1.86, lr: 0.003062, Loss: 0.496913
2026-02-14 19:59:12,738 => saving checkpoint to weights/mydata_ph2/checkpoint.pth.tar
2026-02-14 20:02:51,515 (Valid) Loss: 0.482, Best_avg_p-F1_smooth:  0.7557
2026-02-14 20:02:51,516 [0.99646363 0.73187887]
2026-02-14 20:02:51,516 confusion_matrix:
2026-02-14 20:02:51,517 [[2.22737873e+08 5.26379000e+05]
 [2.64100000e+05 2.15773700e+06]]
2026-02-14 20:34:06,239 Epoch: [42/100], Time: 1.86, lr: 0.003015, Loss: 0.490901
2026-02-14 20:34:07,514 => saving checkpoint to weights/mydata_ph2/checkpoint.pth.tar
2026-02-14 20:37:49,722 (Valid) Loss: 0.474, Best_avg_p-F1_smooth:  0.7557
2026-02-14 20:37:49,723 [0.99544506 0.69331597]
2026-02-14 20:37:49,723 confusion_matrix:
2026-02-14 20:37:49,723 [[2.22368316e+08 8.95936000e+05]
 [1.21572000e+05 2.30026500e+06]]
2026-02-14 21:09:03,543 Epoch: [43/100], Time: 1.86, lr: 0.002967, Loss: 0.497229
2026-02-14 21:09:04,778 => saving checkpoint to weights/mydata_ph2/checkpoint.pth.tar
2026-02-14 21:12:44,086 (Valid) Loss: 0.481, Best_avg_p-F1_smooth:  0.7557
2026-02-14 21:12:44,087 [0.99567246 0.69328227]
2026-02-14 21:12:44,087 confusion_matrix:
2026-02-14 21:12:44,087 [[2.22532688e+08 7.31564000e+05]
 [2.35640000e+05 2.18619700e+06]]
2026-02-14 21:43:56,401 Epoch: [44/100], Time: 1.86, lr: 0.002919, Loss: 0.493442
2026-02-14 21:43:57,640 => saving checkpoint to weights/mydata_ph2/checkpoint.pth.tar
2026-02-14 21:47:38,792 (Valid) Loss: 0.473, Best_avg_p-F1_smooth:  0.7557
2026-02-14 21:47:38,792 [0.99725439 0.78603089]
2026-02-14 21:47:38,792 confusion_matrix:
2026-02-14 21:47:38,792 [[2.22819049e+08 4.45203000e+05]
 [1.68255000e+05 2.25358200e+06]]
2026-02-14 22:18:52,018 Epoch: [45/100], Time: 1.86, lr: 0.002872, Loss: 0.491127
2026-02-14 22:18:53,406 => saving checkpoint to weights/mydata_ph2/checkpoint.pth.tar
2026-02-14 22:22:42,421 (Valid) Loss: 0.480, Best_avg_p-F1_smooth:  0.7557
2026-02-14 22:22:42,421 [0.98933069 0.49110123]
2026-02-14 22:22:42,422 confusion_matrix:
2026-02-14 22:22:42,422 [[2.2100269e+08 2.2615620e+06]
 [1.2181400e+05 2.3000230e+06]]
2026-02-14 22:53:44,477 Epoch: [46/100], Time: 1.85, lr: 0.002824, Loss: 0.497294
2026-02-14 22:53:45,789 => saving checkpoint to weights/mydata_ph2/checkpoint.pth.tar
2026-02-14 22:57:30,012 (Valid) Loss: 0.545, Best_avg_p-F1_smooth:  0.7557
2026-02-14 22:57:30,013 [0.97092802 0.21836491]
2026-02-14 22:57:30,013 confusion_matrix:
2026-02-14 22:57:30,013 [[2.17359591e+08 5.90466100e+06]
 [6.03622000e+05 1.81821500e+06]]
2026-02-14 23:28:30,636 Epoch: [47/100], Time: 1.85, lr: 0.002776, Loss: 0.499795
2026-02-14 23:28:32,001 => saving checkpoint to weights/mydata_ph2/checkpoint.pth.tar
2026-02-14 23:32:29,742 (Valid) Loss: 0.473, Best_avg_p-F1_smooth:  0.7557
2026-02-14 23:32:29,742 [0.9942649  0.64152435]
2026-02-14 23:32:29,743 confusion_matrix:
2026-02-14 23:32:29,743 [[2.22112114e+08 1.15213800e+06]
 [1.29045000e+05 2.29279200e+06]]
2026-02-15 00:03:33,313 Epoch: [48/100], Time: 1.85, lr: 0.002728, Loss: 0.495585
2026-02-15 00:03:34,550 => saving checkpoint to weights/mydata_ph2/checkpoint.pth.tar
2026-02-15 00:07:13,671 (Valid) Loss: 0.520, Best_avg_p-F1_smooth:  0.7557
2026-02-15 00:07:13,671 [0.96545989 0.21891442]
2026-02-15 00:07:13,671 confusion_matrix:
2026-02-15 00:07:13,671 [[2.15801788e+08 7.46246400e+06]
 [2.58021000e+05 2.16381600e+06]]
2026-02-15 00:38:16,659 Epoch: [49/100], Time: 1.85, lr: 0.002679, Loss: 0.477396
2026-02-15 00:38:17,916 => saving checkpoint to weights/mydata_ph2/checkpoint.pth.tar
2026-02-15 00:42:08,838 (Valid) Loss: 0.472, Best_avg_p-F1_smooth:  0.7557
2026-02-15 00:42:08,839 [0.99571683 0.7063084 ]
2026-02-15 00:42:08,839 confusion_matrix:
2026-02-15 00:42:08,839 [[2.2242826e+08 8.3599200e+05]
 [1.2080500e+05 2.3010320e+06]]
2026-02-15 01:13:12,994 Epoch: [50/100], Time: 1.85, lr: 0.002631, Loss: 0.487683
2026-02-15 01:13:14,352 => saving checkpoint to weights/mydata_ph2/checkpoint.pth.tar
2026-02-15 01:17:00,579 (Valid) Loss: 0.492, Best_avg_p-F1_smooth:  0.7557
2026-02-15 01:17:00,579 [0.98400037 0.39239762]
2026-02-15 01:17:00,579 confusion_matrix:
2026-02-15 01:17:00,579 [[2.19804012e+08 3.46024000e+06]
 [1.13724000e+05 2.30811300e+06]]
2026-02-15 01:48:01,514 Epoch: [51/100], Time: 1.85, lr: 0.002583, Loss: 0.492656
2026-02-15 01:48:02,760 => saving checkpoint to weights/mydata_ph2/checkpoint.pth.tar
2026-02-15 01:51:47,720 (Valid) Loss: 0.486, Best_avg_p-F1_smooth:  0.7557
2026-02-15 01:51:47,720 [0.99054431 0.51571371]
2026-02-15 01:51:47,721 confusion_matrix:
2026-02-15 01:51:47,721 [[2.21323498e+08 1.94075400e+06]
 [1.71989000e+05 2.24984800e+06]]
2026-02-15 02:22:49,937 Epoch: [52/100], Time: 1.85, lr: 0.002534, Loss: 0.490788
2026-02-15 02:22:51,169 => saving checkpoint to weights/mydata_ph2/checkpoint.pth.tar
2026-02-15 02:26:28,828 (Valid) Loss: 0.476, Best_avg_p-F1_smooth:  0.7557
2026-02-15 02:26:28,828 [0.99306794 0.59763193]
2026-02-15 02:26:28,829 confusion_matrix:
2026-02-15 02:26:28,829 [[2.21837558e+08 1.42669400e+06]
 [1.21832000e+05 2.30000500e+06]]
2026-02-15 02:57:30,809 Epoch: [53/100], Time: 1.85, lr: 0.002486, Loss: 0.488950
2026-02-15 02:57:32,050 => saving checkpoint to weights/mydata_ph2/checkpoint.pth.tar
2026-02-15 03:01:08,177 (Valid) Loss: 0.476, Best_avg_p-F1_smooth:  0.7557
2026-02-15 03:01:08,177 [0.99192715 0.55885929]
2026-02-15 03:01:08,178 confusion_matrix:
2026-02-15 03:01:08,178 [[2.21597856e+08 1.66639600e+06]
 [1.37090000e+05 2.28474700e+06]]
2026-02-15 03:32:09,972 Epoch: [54/100], Time: 1.85, lr: 0.002437, Loss: 0.487402
2026-02-15 03:32:11,236 => saving checkpoint to weights/mydata_ph2/checkpoint.pth.tar
2026-02-15 03:35:59,755 (Valid) Loss: 0.477, Best_avg_p-F1_smooth:  0.7557
2026-02-15 03:35:59,755 [0.99775402 0.81749006]
2026-02-15 03:35:59,756 confusion_matrix:
2026-02-15 03:35:59,756 [[2.22936447e+08 3.27805000e+05]
 [1.74032000e+05 2.24780500e+06]]
2026-02-15 04:07:01,407 Epoch: [55/100], Time: 1.85, lr: 0.002388, Loss: 0.490702
2026-02-15 04:07:02,653 => saving checkpoint to weights/mydata_ph2/checkpoint.pth.tar
2026-02-15 04:10:49,271 (Valid) Loss: 0.472, Best_avg_p-F1_smooth:  0.7557
2026-02-15 04:10:49,271 [0.99296521 0.59632384]
2026-02-15 04:10:49,272 confusion_matrix:
2026-02-15 04:10:49,272 [[2.21793553e+08 1.47069900e+06]
 [1.00625000e+05 2.32121200e+06]]
2026-02-15 04:41:51,863 Epoch: [56/100], Time: 1.85, lr: 0.002339, Loss: 0.490505
2026-02-15 04:41:53,106 => saving checkpoint to weights/mydata_ph2/checkpoint.pth.tar
2026-02-15 04:45:37,374 (Valid) Loss: 0.475, Best_avg_p-F1_smooth:  0.7557
2026-02-15 04:45:37,374 [0.99357327 0.61675489]
2026-02-15 04:45:37,374 confusion_matrix:
2026-02-15 04:45:37,375 [[2.21940246e+08 1.32400600e+06]
 [1.11570000e+05 2.31026700e+06]]
2026-02-15 05:16:39,202 Epoch: [57/100], Time: 1.85, lr: 0.002290, Loss: 0.489874
2026-02-15 05:16:40,443 => saving checkpoint to weights/mydata_ph2/checkpoint.pth.tar
2026-02-15 05:20:28,795 (Valid) Loss: 0.471, Best_avg_p-F1_smooth:  0.7557
2026-02-15 05:20:28,795 [0.9957864 0.7058909]
2026-02-15 05:20:28,795 confusion_matrix:
2026-02-15 05:20:28,795 [[2.22485134e+08 7.79118000e+05]
 [1.62312000e+05 2.25952500e+06]]
2026-02-15 05:51:31,519 Epoch: [58/100], Time: 1.85, lr: 0.002241, Loss: 0.486825
2026-02-15 05:51:32,757 => saving checkpoint to weights/mydata_ph2/checkpoint.pth.tar
2026-02-15 05:55:21,421 (Valid) Loss: 0.471, Best_avg_p-F1_smooth:  0.7557
2026-02-15 05:55:21,421 [0.99713611 0.78021444]
2026-02-15 05:55:21,422 confusion_matrix:
2026-02-15 05:55:21,422 [[2.22774906e+08 4.89346000e+05]
 [1.50490000e+05 2.27134700e+06]]
2026-02-15 06:26:22,170 Epoch: [59/100], Time: 1.85, lr: 0.002192, Loss: 0.490596
2026-02-15 06:26:23,415 => saving checkpoint to weights/mydata_ph2/checkpoint.pth.tar
2026-02-15 06:30:04,201 (Valid) Loss: 0.470, Best_avg_p-F1_smooth:  0.7557
2026-02-15 06:30:04,201 [0.99602192 0.72036551]
2026-02-15 06:30:04,202 confusion_matrix:
2026-02-15 06:30:04,202 [[2.22508044e+08 7.56208000e+05]
 [1.32483000e+05 2.28935400e+06]]
2026-02-15 07:01:05,439 Epoch: [60/100], Time: 1.85, lr: 0.002143, Loss: 0.487824
2026-02-15 07:01:06,742 => saving checkpoint to weights/mydata_ph2/checkpoint.pth.tar
2026-02-15 07:04:51,033 (Valid) Loss: 0.483, Best_avg_p-F1_smooth:  0.7557
2026-02-15 07:04:51,034 [0.98595353 0.42396891]
2026-02-15 07:04:51,034 confusion_matrix:
2026-02-15 07:04:51,034 [[2.20239067e+08 3.02518500e+06]
 [1.12469000e+05 2.30936800e+06]]
2026-02-15 07:35:54,199 Epoch: [61/100], Time: 1.85, lr: 0.002093, Loss: 0.494133
2026-02-15 07:35:55,442 => saving checkpoint to weights/mydata_ph2/checkpoint.pth.tar
2026-02-15 07:39:39,826 (Valid) Loss: 0.475, Best_avg_p-F1_smooth:  0.7557
2026-02-15 07:39:39,826 [0.99404573 0.6354652 ]
2026-02-15 07:39:39,827 confusion_matrix:
2026-02-15 07:39:39,827 [[2.22037628e+08 1.22662400e+06]
 [1.03367000e+05 2.31847000e+06]]
2026-02-15 08:10:45,377 Epoch: [62/100], Time: 1.85, lr: 0.002043, Loss: 0.481889
2026-02-15 08:10:46,618 => saving checkpoint to weights/mydata_ph2/checkpoint.pth.tar
2026-02-15 08:14:35,136 (Valid) Loss: 0.470, Best_avg_p-F1_smooth:  0.7557
2026-02-15 08:14:35,137 [0.99738275 0.79394309]
2026-02-15 08:14:35,137 confusion_matrix:
2026-02-15 08:14:35,137 [[2.2284814e+08 4.1611200e+05]
 [1.6866700e+05 2.2531700e+06]]
2026-02-15 08:45:38,893 Epoch: [63/100], Time: 1.85, lr: 0.001994, Loss: 0.488248
2026-02-15 08:45:40,144 => saving checkpoint to weights/mydata_ph2/checkpoint.pth.tar
2026-02-15 08:49:25,239 (Valid) Loss: 0.471, Best_avg_p-F1_smooth:  0.7557
2026-02-15 08:49:25,239 [0.99588887 0.71219573]
2026-02-15 08:49:25,240 confusion_matrix:
2026-02-15 08:49:25,240 [[2.2249475e+08 7.6950200e+05]
 [1.4897900e+05 2.2728580e+06]]
2026-02-15 09:20:29,060 Epoch: [64/100], Time: 1.85, lr: 0.001944, Loss: 0.488540
2026-02-15 09:20:30,304 => saving checkpoint to weights/mydata_ph2/checkpoint.pth.tar
2026-02-15 09:24:16,463 (Valid) Loss: 0.473, Best_avg_p-F1_smooth:  0.7557
2026-02-15 09:24:16,463 [0.99644047 0.74346369]
2026-02-15 09:24:16,464 confusion_matrix:
2026-02-15 09:24:16,464 [[2.22586594e+08 6.77658000e+05]
 [1.17475000e+05 2.30436200e+06]]
2026-02-15 09:55:21,346 Epoch: [65/100], Time: 1.85, lr: 0.001894, Loss: 0.483202
2026-02-15 09:55:22,757 => saving checkpoint to weights/mydata_ph2/checkpoint.pth.tar
2026-02-15 09:59:02,164 (Valid) Loss: 0.470, Best_avg_p-F1_smooth:  0.7557
2026-02-15 09:59:02,164 [0.99634042 0.73296808]
2026-02-15 09:59:02,165 confusion_matrix:
2026-02-15 09:59:02,165 [[2.22623897e+08 6.40355000e+05]
 [1.77348000e+05 2.24448900e+06]]
2026-02-15 10:30:06,599 Epoch: [66/100], Time: 1.85, lr: 0.001843, Loss: 0.482361
2026-02-15 10:30:07,840 => saving checkpoint to weights/mydata_ph2/checkpoint.pth.tar
2026-02-15 10:33:52,913 (Valid) Loss: 0.469, Best_avg_p-F1_smooth:  0.7557
2026-02-15 10:33:52,913 [0.99687431 0.76618442]
2026-02-15 10:33:52,914 confusion_matrix:
2026-02-15 10:33:52,914 [[2.22699667e+08 5.64585000e+05]
 [1.33687000e+05 2.28815000e+06]]
2026-02-15 11:04:55,834 Epoch: [67/100], Time: 1.85, lr: 0.001793, Loss: 0.484938
2026-02-15 11:04:57,160 => saving checkpoint to weights/mydata_ph2/checkpoint.pth.tar
2026-02-15 11:08:41,732 (Valid) Loss: 0.473, Best_avg_p-F1_smooth:  0.7557
2026-02-15 11:08:41,732 [0.99535508 0.68826846]
2026-02-15 11:08:41,733 confusion_matrix:
2026-02-15 11:08:41,733 [[2.22357414e+08 9.06838000e+05]
 [1.30815000e+05 2.29102200e+06]]
2026-02-15 11:39:47,195 Epoch: [68/100], Time: 1.85, lr: 0.001743, Loss: 0.487173
2026-02-15 11:39:48,435 => saving checkpoint to weights/mydata_ph2/checkpoint.pth.tar
2026-02-15 11:43:30,876 (Valid) Loss: 0.467, Best_avg_p-F1_smooth:  0.7557
2026-02-15 11:43:30,876 [0.99710704 0.7800596 ]
2026-02-15 11:43:30,877 confusion_matrix:
2026-02-15 11:43:30,877 [[2.22747702e+08 5.16550000e+05]
 [1.29720000e+05 2.29211700e+06]]
2026-02-15 12:14:34,094 Epoch: [69/100], Time: 1.85, lr: 0.001692, Loss: 0.486527
2026-02-15 12:14:35,335 => saving checkpoint to weights/mydata_ph2/checkpoint.pth.tar
2026-02-15 12:18:12,320 (Valid) Loss: 0.473, Best_avg_p-F1_smooth:  0.7557
2026-02-15 12:18:12,320 [0.99727275 0.78567912]
2026-02-15 12:18:12,321 confusion_matrix:
2026-02-15 12:18:12,321 [[2.22842647e+08 4.21605000e+05]
 [1.87804000e+05 2.23403300e+06]]
2026-02-15 12:49:18,531 Epoch: [70/100], Time: 1.85, lr: 0.001641, Loss: 0.489109
2026-02-15 12:49:19,776 => saving checkpoint to weights/mydata_ph2/checkpoint.pth.tar
2026-02-15 12:52:58,766 (Valid) Loss: 0.470, Best_avg_p-F1_smooth:  0.7557
2026-02-15 12:52:58,766 [0.99608201 0.72347416]
2026-02-15 12:52:58,767 confusion_matrix:
2026-02-15 12:52:58,767 [[2.22520873e+08 7.43379000e+05]
 [1.31885000e+05 2.28995200e+06]]
2026-02-15 13:24:03,859 Epoch: [71/100], Time: 1.85, lr: 0.001590, Loss: 0.486183
2026-02-15 13:24:05,104 => saving checkpoint to weights/mydata_ph2/checkpoint.pth.tar
2026-02-15 13:27:45,839 (Valid) Loss: 0.518, Best_avg_p-F1_smooth:  0.7557
2026-02-15 13:27:45,840 [0.95625143 0.18657979]
2026-02-15 13:27:45,840 confusion_matrix:
2026-02-15 13:27:45,840 [[2.13668501e+08 9.59575100e+06]
 [1.79598000e+05 2.24223900e+06]]
2026-02-15 13:58:51,065 Epoch: [72/100], Time: 1.85, lr: 0.001539, Loss: 0.492545
2026-02-15 13:58:52,479 => saving checkpoint to weights/mydata_ph2/checkpoint.pth.tar
2026-02-15 14:02:27,129 (Valid) Loss: 0.469, Best_avg_p-F1_smooth:  0.7557
2026-02-15 14:02:27,129 [0.99526917 0.68706076]
2026-02-15 14:02:27,130 confusion_matrix:
2026-02-15 14:02:27,130 [[2.22309376e+08 9.54876000e+05]
 [1.01830000e+05 2.32000700e+06]]
2026-02-15 14:33:32,594 Epoch: [73/100], Time: 1.85, lr: 0.001487, Loss: 0.482752
2026-02-15 14:33:33,834 => saving checkpoint to weights/mydata_ph2/checkpoint.pth.tar
2026-02-15 14:37:18,423 (Valid) Loss: 0.472, Best_avg_p-F1_smooth:  0.7557
2026-02-15 14:37:18,424 [0.9978061  0.82275653]
2026-02-15 14:37:18,424 confusion_matrix:
2026-02-15 14:37:18,424 [[2.22920729e+08 3.43523000e+05]
 [1.46619000e+05 2.27521800e+06]]
2026-02-15 15:08:24,009 Epoch: [74/100], Time: 1.85, lr: 0.001436, Loss: 0.485706
2026-02-15 15:08:25,253 => saving checkpoint to weights/mydata_ph2/checkpoint.pth.tar
2026-02-15 15:12:03,883 (Valid) Loss: 0.468, Best_avg_p-F1_smooth:  0.7557
2026-02-15 15:12:03,883 [0.99667016 0.75487009]
2026-02-15 15:12:03,883 confusion_matrix:
2026-02-15 15:12:03,884 [[2.22651494e+08 6.12758000e+05]
 [1.31112000e+05 2.29072500e+06]]
2026-02-15 15:43:08,392 Epoch: [75/100], Time: 1.85, lr: 0.001384, Loss: 0.482661
2026-02-15 15:43:09,639 => saving checkpoint to weights/mydata_ph2/checkpoint.pth.tar
2026-02-15 15:46:45,748 (Valid) Loss: 0.473, Best_avg_p-F1_smooth:  0.7557
2026-02-15 15:46:45,748 [0.99631538 0.73335899]
2026-02-15 15:46:45,749 confusion_matrix:
2026-02-15 15:46:45,749 [[2.22598702e+08 6.65550000e+05]
 [1.57674000e+05 2.26416300e+06]]
2026-02-15 16:17:52,138 Epoch: [76/100], Time: 1.85, lr: 0.001332, Loss: 0.480693
2026-02-15 16:17:53,380 => saving checkpoint to weights/mydata_ph2/checkpoint.pth.tar
2026-02-15 16:21:30,101 (Valid) Loss: 0.518, Best_avg_p-F1_smooth:  0.7557
2026-02-15 16:21:30,101 [0.93141504 0.13155274]
2026-02-15 16:21:30,102 confusion_matrix:
2026-02-15 16:21:30,102 [[2.0804597e+08 1.5218282e+07]
 [1.0123100e+05 2.3206060e+06]]
2026-02-15 16:52:35,155 Epoch: [77/100], Time: 1.85, lr: 0.001280, Loss: 0.482388
2026-02-15 16:52:36,397 => saving checkpoint to weights/mydata_ph2/checkpoint.pth.tar
2026-02-15 16:56:17,067 (Valid) Loss: 0.491, Best_avg_p-F1_smooth:  0.7557
2026-02-15 16:56:17,067 [0.97123277 0.26171549]
2026-02-15 16:56:17,068 confusion_matrix:
2026-02-15 16:56:17,068 [[2.1698101e+08 6.2832420e+06]
 [1.4358300e+05 2.2782540e+06]]
2026-02-15 17:27:18,480 Epoch: [78/100], Time: 1.85, lr: 0.001227, Loss: 0.484396
2026-02-15 17:27:19,724 => saving checkpoint to weights/mydata_ph2/checkpoint.pth.tar
2026-02-15 17:30:59,338 (Valid) Loss: 0.468, Best_avg_p-F1_smooth:  0.7557
2026-02-15 17:30:59,338 [0.99635812 0.73861167]
2026-02-15 17:30:59,338 confusion_matrix:
2026-02-15 17:30:59,339 [[2.2257367e+08 6.9058200e+05]
 [1.2296800e+05 2.2988690e+06]]
2026-02-15 18:02:03,948 Epoch: [79/100], Time: 1.85, lr: 0.001175, Loss: 0.479789
2026-02-15 18:02:05,387 => saving checkpoint to weights/mydata_ph2/checkpoint.pth.tar
2026-02-15 18:05:53,346 (Valid) Loss: 0.468, Best_avg_p-F1_smooth:  0.7557
2026-02-15 18:05:53,346 [0.99684267 0.76444048]
2026-02-15 18:05:53,346 confusion_matrix:
2026-02-15 18:05:53,347 [[2.2269178e+08 5.7247200e+05]
 [1.3286600e+05 2.2889710e+06]]
2026-02-15 18:36:57,805 Epoch: [80/100], Time: 1.85, lr: 0.001122, Loss: 0.484255
2026-02-15 18:36:59,194 => saving checkpoint to weights/mydata_ph2/checkpoint.pth.tar
2026-02-15 18:40:55,912 (Valid) Loss: 0.471, Best_avg_p-F1_smooth:  0.7557
2026-02-15 18:40:55,912 [0.9942396  0.63614166]
2026-02-15 18:40:55,913 confusion_matrix:
2026-02-15 18:40:55,913 [[2.22148781e+08 1.11547100e+06]
 [1.71608000e+05 2.25022900e+06]]
2026-02-15 19:11:58,906 Epoch: [81/100], Time: 1.85, lr: 0.001068, Loss: 0.485224
2026-02-15 19:12:00,148 => saving checkpoint to weights/mydata_ph2/checkpoint.pth.tar
2026-02-15 19:15:43,279 (Valid) Loss: 0.467, Best_avg_p-F1_smooth:  0.7557
2026-02-15 19:15:43,280 [0.9973203  0.79449764]
2026-02-15 19:15:43,280 confusion_matrix:
2026-02-15 19:15:43,280 [[2.22773373e+08 4.90879000e+05]
 [1.07691000e+05 2.31414600e+06]]
2026-02-15 19:46:46,514 Epoch: [82/100], Time: 1.85, lr: 0.001015, Loss: 0.481188
2026-02-15 19:46:47,768 => saving checkpoint to weights/mydata_ph2/checkpoint.pth.tar
2026-02-15 19:50:34,888 (Valid) Loss: 0.466, Best_avg_p-F1_smooth:  0.7557
2026-02-15 19:50:34,889 [0.99650442 0.74499927]
2026-02-15 19:50:34,889 confusion_matrix:
2026-02-15 19:50:34,889 [[2.22623635e+08 6.40617000e+05]
 [1.40311000e+05 2.28152600e+06]]
2026-02-15 20:21:38,138 Epoch: [83/100], Time: 1.85, lr: 0.000961, Loss: 0.479335
2026-02-15 20:21:39,375 => saving checkpoint to weights/mydata_ph2/checkpoint.pth.tar
2026-02-15 20:25:26,203 (Valid) Loss: 0.484, Best_avg_p-F1_smooth:  0.7557
2026-02-15 20:25:26,203 [0.98293731 0.37547832]
2026-02-15 20:25:26,204 confusion_matrix:
2026-02-15 20:25:26,204 [[2.19582682e+08 3.68157000e+06]
 [1.30140000e+05 2.29169700e+06]]
2026-02-15 20:56:28,900 Epoch: [84/100], Time: 1.85, lr: 0.000907, Loss: 0.479146
2026-02-15 20:56:30,139 => saving checkpoint to weights/mydata_ph2/checkpoint.pth.tar
2026-02-15 21:00:22,062 (Valid) Loss: 0.468, Best_avg_p-F1_smooth:  0.7557
2026-02-15 21:00:22,062 [0.99697125 0.77244259]
2026-02-15 21:00:22,063 confusion_matrix:
2026-02-15 21:00:22,063 [[2.22712813e+08 5.51439000e+05]
 [1.25152000e+05 2.29668500e+06]]
